// Vitest Snapshot v1, https://vitest.dev/guide/snapshot.html

exports[`Navbar > should render 1`] = `
<ul
  className="list-none grid grid-cols-4"
>
  <li
    className="flex-auto p-5"
  >
    <img
      src="https://fakestoreapi.com/img/81fPKd-2AYL._AC_SL1500_.jpg"
    />
    <p>
      <span>
        $109.95 
      </span>
      <span>
        Your perfect pack for everyday use and walks in the forest. Stash your laptop (up to 15 inches) in the padded sleeve, your everyday
      </span>
    </p>
  </li>
</ul>
`;
