// Vitest Snapshot v1, https://vitest.dev/guide/snapshot.html

exports[`CategoriesBar > should render 1`] = `
<ul
  className="fixed top-[88px] left-[0px]
                w-full flex flex-row items-between
                border-green-500
                bg-green-500 list-none"
>
  <li
    className="p-[6px] hover:bg-green-700 rounded-md"
    onClick={[Function]}
  >
    <span
      className="text-white"
    >
      electronics
    </span>
  </li>
  <li
    className="p-[6px] hover:bg-green-700 rounded-md"
    onClick={[Function]}
  >
    <span
      className="text-white"
    >
      jewelery
    </span>
  </li>
  <li
    className="p-[6px] hover:bg-green-700 rounded-md"
    onClick={[Function]}
  >
    <span
      className="text-white"
    >
      men's clothing
    </span>
  </li>
  <li
    className="p-[6px] hover:bg-green-700 rounded-md"
    onClick={[Function]}
  >
    <span
      className="text-white"
    >
      women's clothing
    </span>
  </li>
</ul>
`;
